Across:
-------------
CAR
BIG
NO
GNO
DIME
SO
AM
USED
AK
OR
CLO
STO

Down:
-------------
ANIMAL
ROM
BG
INSERT
GOOD
DA
EU
SOS
KO
