Q E F R T
Z - D G A
Y S C V B
U J I O P
H W K L M
