Game 1:
    (1,1)
    (2,0)
    (1,2)
    (1,2)
    (4,0)
Game 2:
    (2,4)
    (3,2)
    (5,0)
    (7,0)
